// Jest Snapshot v1, https://goo.gl/fbAQLP

exports[`Counter container should render 1`] = `
<div>
  <div
    class="counter"
  >
    <div
      class="counterheader  "
    >
      <h2>
        Задача не выбрана
      </h2>
      <span
        class="total"
      >
        Помидор: 
        0
      </span>
    </div>
    <span
      class="body"
    />
  </div>
</div>
`;
